// Jest Snapshot v1, https://goo.gl/fbAQLP

exports[`Snapshot 1`] = `
<h1>
  loading â€¦ 
</h1>
`;
